------------------------------------------------------------
Timing Analyzer Summary
------------------------------------------------------------

Type  : Slow 1100mV 85C Model Setup 'CLOCK_50_B5B'
Slack : -1.793
TNS   : -50.486

Type  : Slow 1100mV 85C Model Hold 'CLOCK_50_B5B'
Slack : 0.441
TNS   : 0.000

Type  : Slow 1100mV 85C Model Minimum Pulse Width 'CLOCK_50_B5B'
Slack : -0.538
TNS   : -28.793

Type  : Slow 1100mV 0C Model Setup 'CLOCK_50_B5B'
Slack : -1.994
TNS   : -56.148

Type  : Slow 1100mV 0C Model Hold 'CLOCK_50_B5B'
Slack : 0.446
TNS   : 0.000

Type  : Slow 1100mV 0C Model Minimum Pulse Width 'CLOCK_50_B5B'
Slack : -0.538
TNS   : -28.727

Type  : Fast 1100mV 85C Model Setup 'CLOCK_50_B5B'
Slack : -0.286
TNS   : -3.717

Type  : Fast 1100mV 85C Model Hold 'CLOCK_50_B5B'
Slack : 0.200
TNS   : 0.000

Type  : Fast 1100mV 85C Model Minimum Pulse Width 'CLOCK_50_B5B'
Slack : -0.371
TNS   : -14.783

Type  : Fast 1100mV 0C Model Setup 'CLOCK_50_B5B'
Slack : -0.267
TNS   : -3.250

Type  : Fast 1100mV 0C Model Hold 'CLOCK_50_B5B'
Slack : 0.189
TNS   : 0.000

Type  : Fast 1100mV 0C Model Minimum Pulse Width 'CLOCK_50_B5B'
Slack : -0.412
TNS   : -18.363

------------------------------------------------------------
